// Jest Snapshot v1, https://goo.gl/fbAQLP

exports[`Rendering of opis rack segment should render snapshot for opis rack segment 1`] = `
<QueryClientProvider
  client={
    QueryClient {
      "defaultOptions": Object {},
      "mutationCache": MutationCache {
        "config": Object {},
        "listeners": Array [],
        "mutationId": 0,
        "mutations": Array [],
      },
      "mutationDefaults": Array [],
      "queryCache": QueryCache {
        "config": Object {},
        "listeners": Array [],
        "queries": Array [
          Query {
            "abortSignalConsumed": false,
            "cache": [Circular],
            "cacheTime": 300000,
            "defaultOptions": undefined,
            "gcTimeout": undefined,
            "hadObservers": true,
            "initialState": Object {
              "data": undefined,
              "dataUpdateCount": 0,
              "dataUpdatedAt": 0,
              "error": null,
              "errorUpdateCount": 0,
              "errorUpdatedAt": 0,
              "fetchFailureCount": 0,
              "fetchMeta": null,
              "isFetching": false,
              "isInvalidated": false,
              "isPaused": false,
              "status": "idle",
            },
            "meta": undefined,
            "observers": Array [
              QueryObserver {
                "client": [Circular],
                "currentQuery": [Circular],
                "currentQueryInitialState": Object {
                  "data": undefined,
                  "dataUpdateCount": 0,
                  "dataUpdatedAt": 0,
                  "error": null,
                  "errorUpdateCount": 0,
                  "errorUpdatedAt": 0,
                  "fetchFailureCount": 0,
                  "fetchMeta": null,
                  "isFetching": false,
                  "isInvalidated": false,
                  "isPaused": false,
                  "status": "idle",
                },
                "currentRefetchInterval": false,
                "currentResult": Object {
                  "data": undefined,
                  "dataUpdatedAt": 0,
                  "error": null,
                  "errorUpdatedAt": 0,
                  "failureCount": 0,
                  "isError": false,
                  "isFetched": false,
                  "isFetchedAfterMount": false,
                  "isFetching": true,
                  "isIdle": false,
                  "isLoading": true,
                  "isLoadingError": false,
                  "isPlaceholderData": false,
                  "isPreviousData": false,
                  "isRefetchError": false,
                  "isRefetching": false,
                  "isStale": true,
                  "isSuccess": false,
                  "refetch": [Function],
                  "remove": [Function],
                  "status": "loading",
                },
                "currentResultOptions": Object {
                  "_defaulted": true,
                  "onError": [Function],
                  "onSuccess": [Function],
                  "optimisticResults": true,
                  "queryFn": [Function],
                  "queryHash": "[\\"getTaxRates\\",false,\\"\\",\\"\\",null,null]",
                  "queryKey": Array [
                    "getTaxRates",
                    false,
                    "",
                    "",
                    [Function],
                    [Function],
                  ],
                  "retry": false,
                },
                "currentResultState": Object {
                  "data": undefined,
                  "dataUpdateCount": 0,
                  "dataUpdatedAt": 0,
                  "error": null,
                  "errorUpdateCount": 0,
                  "errorUpdatedAt": 0,
                  "fetchFailureCount": 0,
                  "fetchMeta": null,
                  "isFetching": true,
                  "isInvalidated": false,
                  "isPaused": false,
                  "status": "loading",
                },
                "listeners": Array [
                  [Function],
                ],
                "options": Object {
                  "_defaulted": true,
                  "onError": [Function],
                  "onSuccess": [Function],
                  "optimisticResults": true,
                  "queryFn": [Function],
                  "queryHash": "[\\"getTaxRates\\",false,\\"\\",\\"\\",null,null]",
                  "queryKey": Array [
                    "getTaxRates",
                    false,
                    "",
                    "",
                    [Function],
                    [Function],
                  ],
                  "retry": false,
                },
                "previousQueryResult": undefined,
                "previousSelectError": null,
                "refetch": [Function],
                "refetchIntervalId": undefined,
                "remove": [Function],
                "staleTimeoutId": undefined,
                "trackedProps": Array [],
              },
            ],
            "options": Object {
              "_defaulted": true,
              "onError": [Function],
              "onSuccess": [Function],
              "optimisticResults": true,
              "queryFn": [Function],
              "queryHash": "[\\"getTaxRates\\",false,\\"\\",\\"\\",null,null]",
              "queryKey": Array [
                "getTaxRates",
                false,
                "",
                "",
                [Function],
                [Function],
              ],
              "retry": false,
            },
            "promise": Promise {},
            "queryHash": "[\\"getTaxRates\\",false,\\"\\",\\"\\",null,null]",
            "queryKey": Array [
              "getTaxRates",
              false,
              "",
              "",
              [Function],
              [Function],
            ],
            "retryer": Retryer {
              "abort": [Function],
              "cancel": [Function],
              "cancelRetry": [Function],
              "continue": [Function],
              "continueRetry": [Function],
              "failureCount": 0,
              "isPaused": false,
              "isResolved": false,
              "isTransportCancelable": false,
              "promise": Promise {},
            },
            "revertState": Object {
              "data": undefined,
              "dataUpdateCount": 0,
              "dataUpdatedAt": 0,
              "error": null,
              "errorUpdateCount": 0,
              "errorUpdatedAt": 0,
              "fetchFailureCount": 0,
              "fetchMeta": null,
              "isFetching": false,
              "isInvalidated": false,
              "isPaused": false,
              "status": "idle",
            },
            "state": Object {
              "data": undefined,
              "dataUpdateCount": 0,
              "dataUpdatedAt": 0,
              "error": null,
              "errorUpdateCount": 0,
              "errorUpdatedAt": 0,
              "fetchFailureCount": 0,
              "fetchMeta": null,
              "isFetching": true,
              "isInvalidated": false,
              "isPaused": false,
              "status": "loading",
            },
          },
        ],
        "queriesMap": Object {
          "[\\"getTaxRates\\",false,\\"\\",\\"\\",null,null]": Query {
            "abortSignalConsumed": false,
            "cache": [Circular],
            "cacheTime": 300000,
            "defaultOptions": undefined,
            "gcTimeout": undefined,
            "hadObservers": true,
            "initialState": Object {
              "data": undefined,
              "dataUpdateCount": 0,
              "dataUpdatedAt": 0,
              "error": null,
              "errorUpdateCount": 0,
              "errorUpdatedAt": 0,
              "fetchFailureCount": 0,
              "fetchMeta": null,
              "isFetching": false,
              "isInvalidated": false,
              "isPaused": false,
              "status": "idle",
            },
            "meta": undefined,
            "observers": Array [
              QueryObserver {
                "client": [Circular],
                "currentQuery": [Circular],
                "currentQueryInitialState": Object {
                  "data": undefined,
                  "dataUpdateCount": 0,
                  "dataUpdatedAt": 0,
                  "error": null,
                  "errorUpdateCount": 0,
                  "errorUpdatedAt": 0,
                  "fetchFailureCount": 0,
                  "fetchMeta": null,
                  "isFetching": false,
                  "isInvalidated": false,
                  "isPaused": false,
                  "status": "idle",
                },
                "currentRefetchInterval": false,
                "currentResult": Object {
                  "data": undefined,
                  "dataUpdatedAt": 0,
                  "error": null,
                  "errorUpdatedAt": 0,
                  "failureCount": 0,
                  "isError": false,
                  "isFetched": false,
                  "isFetchedAfterMount": false,
                  "isFetching": true,
                  "isIdle": false,
                  "isLoading": true,
                  "isLoadingError": false,
                  "isPlaceholderData": false,
                  "isPreviousData": false,
                  "isRefetchError": false,
                  "isRefetching": false,
                  "isStale": true,
                  "isSuccess": false,
                  "refetch": [Function],
                  "remove": [Function],
                  "status": "loading",
                },
                "currentResultOptions": Object {
                  "_defaulted": true,
                  "onError": [Function],
                  "onSuccess": [Function],
                  "optimisticResults": true,
                  "queryFn": [Function],
                  "queryHash": "[\\"getTaxRates\\",false,\\"\\",\\"\\",null,null]",
                  "queryKey": Array [
                    "getTaxRates",
                    false,
                    "",
                    "",
                    [Function],
                    [Function],
                  ],
                  "retry": false,
                },
                "currentResultState": Object {
                  "data": undefined,
                  "dataUpdateCount": 0,
                  "dataUpdatedAt": 0,
                  "error": null,
                  "errorUpdateCount": 0,
                  "errorUpdatedAt": 0,
                  "fetchFailureCount": 0,
                  "fetchMeta": null,
                  "isFetching": true,
                  "isInvalidated": false,
                  "isPaused": false,
                  "status": "loading",
                },
                "listeners": Array [
                  [Function],
                ],
                "options": Object {
                  "_defaulted": true,
                  "onError": [Function],
                  "onSuccess": [Function],
                  "optimisticResults": true,
                  "queryFn": [Function],
                  "queryHash": "[\\"getTaxRates\\",false,\\"\\",\\"\\",null,null]",
                  "queryKey": Array [
                    "getTaxRates",
                    false,
                    "",
                    "",
                    [Function],
                    [Function],
                  ],
                  "retry": false,
                },
                "previousQueryResult": undefined,
                "previousSelectError": null,
                "refetch": [Function],
                "refetchIntervalId": undefined,
                "remove": [Function],
                "staleTimeoutId": undefined,
                "trackedProps": Array [],
              },
            ],
            "options": Object {
              "_defaulted": true,
              "onError": [Function],
              "onSuccess": [Function],
              "optimisticResults": true,
              "queryFn": [Function],
              "queryHash": "[\\"getTaxRates\\",false,\\"\\",\\"\\",null,null]",
              "queryKey": Array [
                "getTaxRates",
                false,
                "",
                "",
                [Function],
                [Function],
              ],
              "retry": false,
            },
            "promise": Promise {},
            "queryHash": "[\\"getTaxRates\\",false,\\"\\",\\"\\",null,null]",
            "queryKey": Array [
              "getTaxRates",
              false,
              "",
              "",
              [Function],
              [Function],
            ],
            "retryer": Retryer {
              "abort": [Function],
              "cancel": [Function],
              "cancelRetry": [Function],
              "continue": [Function],
              "continueRetry": [Function],
              "failureCount": 0,
              "isPaused": false,
              "isResolved": false,
              "isTransportCancelable": false,
              "promise": Promise {},
            },
            "revertState": Object {
              "data": undefined,
              "dataUpdateCount": 0,
              "dataUpdatedAt": 0,
              "error": null,
              "errorUpdateCount": 0,
              "errorUpdatedAt": 0,
              "fetchFailureCount": 0,
              "fetchMeta": null,
              "isFetching": false,
              "isInvalidated": false,
              "isPaused": false,
              "status": "idle",
            },
            "state": Object {
              "data": undefined,
              "dataUpdateCount": 0,
              "dataUpdatedAt": 0,
              "error": null,
              "errorUpdateCount": 0,
              "errorUpdatedAt": 0,
              "fetchFailureCount": 0,
              "fetchMeta": null,
              "isFetching": true,
              "isInvalidated": false,
              "isPaused": false,
              "status": "loading",
            },
          },
        },
      },
      "queryDefaults": Array [],
      "unsubscribeFocus": [Function],
      "unsubscribeOnline": [Function],
    }
  }
>
   
  <CheckBoxSegment
    fetchTaxList={false}
    formik={
      Object {
        "error": "",
        "getFieldProps": [MockFunction],
        "initialError": "",
        "initialTouched": false,
        "initialValue": "",
        "setFieldValue": [MockFunction],
        "touched": false,
        "values": Object {
          "actualProduct": Array [],
          "addedPriceAmt": 0,
          "branded": Array [],
          "city": "",
          "cityId": "",
          "discountPriceAmt": 0,
          "manualPriceAmt": 0,
          "masterProductName": Object {
            "label": "",
            "value": "",
          },
          "opisName": "",
          "pricingModel": Object {
            "label": "",
            "value": "",
          },
          "productNm": "",
          "productType": Object {
            "label": "",
            "value": "",
          },
          "state": "",
          "supplier": Array [],
          "supplierPrice": 0,
          "taxExemption": Array [],
        },
      }
    }
    isDisabled={false}
    isSaveCancelShown={false}
    revertFinalRateAndAmount={
      [MockFunction] {
        "calls": Array [
          Array [
            0,
            0,
          ],
        ],
        "results": Array [
          Object {
            "type": "return",
            "value": undefined,
          },
        ],
      }
    }
    setFetchTaxList={[MockFunction]}
    showFuelTaxError={[MockFunction]}
  >
    <h4
      className="checkbox-heading"
    >
       
      addProductFormLabels.addproductcheckboxseg
       
    </h4>
  </CheckBoxSegment>
   
</QueryClientProvider>
`;
