// Jest Snapshot v1, https://goo.gl/fbAQLP

exports[`renders the Default Select component snapshot test for Default Select component 1`] = `
<Fragment>
  <div
    className="select-dropdown"
    onBlur={[Function]}
    onFocus={[Function]}
    onKeyDown={[Function]}
    tabIndex={0}
  >
    <WithStyles(ForwardRef(InputLabel))
      aria-labelledby="Input"
      className="label"
      shrink={true}
    >
      <b>
        INPUT
      </b>
    </WithStyles(ForwardRef(InputLabel))>
    <div
      className="selection  "
      onClick={[Function]}
    >
      <div
        className="placeholder"
      />
      <span
        className="arrow"
      >
        <ArrowDown />
      </span>
    </div>
  </div>
</Fragment>
`;

exports[`renders the MultiSelect component snapshot test for the MultiSelect component  1`] = `
<Fragment>
  <div
    className="select-dropdown"
    onBlur={[Function]}
    onFocus={[Function]}
    onKeyDown={[Function]}
    tabIndex={0}
  >
    <WithStyles(ForwardRef(InputLabel))
      aria-labelledby="Input"
      className="label"
      shrink={true}
    >
      <b>
        INPUT
      </b>
    </WithStyles(ForwardRef(InputLabel))>
    <div
      className="selection  "
      onClick={[Function]}
    >
      <div
        className="placeholder"
      />
      <span
        className="arrow"
      >
        <ArrowDown />
      </span>
    </div>
  </div>
</Fragment>
`;

exports[`renders the MultiSelect with search component snapshot test for the MultiSelect with search component 1`] = `
<Fragment>
  <div
    className="select-dropdown"
    onBlur={[Function]}
    onFocus={[Function]}
    onKeyDown={[Function]}
    tabIndex={0}
  >
    <WithStyles(ForwardRef(InputLabel))
      aria-labelledby="Input"
      className="label"
      shrink={true}
    >
      <b>
        INPUT
      </b>
    </WithStyles(ForwardRef(InputLabel))>
    <div
      className="selection  "
      onClick={[Function]}
    >
      <div
        className="placeholder"
      />
      <span
        className="arrow"
      >
        <ArrowDown />
      </span>
    </div>
  </div>
</Fragment>
`;

exports[`renders the Select with search component snapshot test for Select with search component 1`] = `
<Fragment>
  <div
    className="select-dropdown"
    onBlur={[Function]}
    onFocus={[Function]}
    onKeyDown={[Function]}
    tabIndex={0}
  >
    <WithStyles(ForwardRef(InputLabel))
      aria-labelledby="Input"
      className="label"
      shrink={true}
    >
      <b>
        INPUT
      </b>
    </WithStyles(ForwardRef(InputLabel))>
    <div
      className="selection  "
      onClick={[Function]}
    >
      <div
        className="placeholder"
      />
      <span
        className="arrow"
      >
        <ArrowDown />
      </span>
    </div>
  </div>
</Fragment>
`;
