// Jest Snapshot v1, https://goo.gl/fbAQLP

exports[`renders the Default Select component snapshot test for Default Select component 1`] = `
<div
  className="select"
  onFocus={[Function]}
  style={
    Object {
      "width": 460,
    }
  }
>
  <label
    className="label"
  >
    Input
  </label>
  <div
    className="selection"
    onClick={[Function]}
  >
    <div
      className="placeholder"
    />
    <span
      className="arrow"
    >
      <ChevronDown />
    </span>
  </div>
</div>
`;

exports[`renders the MultiSelect component snapshot test 1`] = `
<div
  className="select"
  onFocus={[Function]}
  style={
    Object {
      "width": 460,
    }
  }
>
  <label
    className="label"
  >
    Input
  </label>
  <div
    className="selection"
    onClick={[Function]}
  >
    <div
      className="placeholder"
    />
    <span
      className="arrow"
    >
      <ChevronDown />
    </span>
  </div>
</div>
`;

exports[`renders the MultiSelect component snapshot test for the MultiSelect component  1`] = `
<div
  className="select"
  onFocus={[Function]}
  style={
    Object {
      "width": 460,
    }
  }
>
  <label
    className="label"
  >
    Input
  </label>
  <div
    className="selection"
    onClick={[Function]}
  >
    <div
      className="placeholder"
    />
    <span
      className="arrow"
    >
      <ChevronDown />
    </span>
  </div>
</div>
`;

exports[`renders the MultiSelect with search component snapshot test 1`] = `
<div
  className="select"
  onFocus={[Function]}
  style={
    Object {
      "width": 460,
    }
  }
>
  <label
    className="label"
  >
    Input
  </label>
  <div
    className="selection"
    onClick={[Function]}
  >
    <div
      className="placeholder"
    />
    <span
      className="arrow"
    >
      <ChevronDown />
    </span>
  </div>
</div>
`;

exports[`renders the MultiSelect with search component snapshot test for the MultiSelect with search component 1`] = `
<div
  className="select"
  onFocus={[Function]}
  style={
    Object {
      "width": 460,
    }
  }
>
  <label
    className="label"
  >
    Input
  </label>
  <div
    className="selection"
    onClick={[Function]}
  >
    <div
      className="placeholder"
    />
    <span
      className="arrow"
    >
      <ChevronDown />
    </span>
  </div>
</div>
`;

exports[`renders the Select component snapshot test 1`] = `
<div
  className="select"
  onFocus={[Function]}
  style={
    Object {
      "width": 460,
    }
  }
>
  <label
    className="label"
  >
    Input
  </label>
  <div
    className="selection"
    onClick={[Function]}
  >
    <div
      className="placeholder"
    />
    <span
      className="arrow"
    >
      <ChevronDown />
    </span>
  </div>
</div>
`;

exports[`renders the Select with search component snapshot test 1`] = `
<div
  className="select"
  onFocus={[Function]}
  style={
    Object {
      "width": 460,
    }
  }
>
  <label
    className="label"
  >
    Input
  </label>
  <div
    className="selection"
    onClick={[Function]}
  >
    <div
      className="placeholder"
    />
    <span
      className="arrow"
    >
      <ChevronDown />
    </span>
  </div>
</div>
`;

exports[`renders the Select with search component snapshot test for Select with search component 1`] = `
<div
  className="select"
  onFocus={[Function]}
  style={
    Object {
      "width": 460,
    }
  }
>
  <label
    className="label"
  >
    Input
  </label>
  <div
    className="selection"
    onClick={[Function]}
  >
    <div
      className="placeholder"
    />
    <span
      className="arrow"
    >
      <ChevronDown />
    </span>
  </div>
</div>
`;
