// Jest Snapshot v1, https://goo.gl/fbAQLP

exports[`Rendering of Search Input Component Search Input Snapshot testing 1`] = `
<ForwardRef(OutlinedInput)
  className="searchinput"
  id="SearchInput"
  inputProps={
    Object {
      "aria-label": "search",
    }
  }
  onChange={[Function]}
  placeholder="Search"
  startAdornment={
    <ForwardRef(InputAdornment)
      className="adornment"
      position="start"
    >
      <ForwardRef(IconButton)
        aria-label="search"
        edge="start"
      >
        <DropSearchIcon />
      </ForwardRef(IconButton)>
    </ForwardRef(InputAdornment)>
  }
  style={
    Object {
      "width": "100%",
    }
  }
  type="text"
  value=""
/>
`;
