// Jest Snapshot v1, https://goo.gl/fbAQLP

exports[`Add vehicle Rule with success Add vehicle Rule snapshot testing overall 1`] = `
Object {
  "asFragment": [Function],
  "baseElement": <body>
    <div>
      <div
        class="global_main_wrapper MuiBox-root css-k008qs"
      >
        <div
          class="MuiGrid-root MuiGrid-item MuiGrid-grid-xs-10 MuiGrid-grid-md-10 css-re6nwv-MuiGrid-root"
        >
          <div
            class="MuiContainer-root MuiContainer-maxWidthLg page-container css-1oqqzyl-MuiContainer-root"
          >
            <form
              data-test="component-AddVehicleRule"
              id="vehicleRuleform"
            >
              <h3
                class="MuiTypography-root MuiTypography-h3 MuiTypography-gutterBottom fw-bold css-1h1br7j-MuiTypography-root"
              >
                taxes.salesTax.form.title
                 *
              </h3>
              <div
                class="MuiGrid-root MuiGrid-container MuiGrid-spacing-xs-undefined css-1sthlmf-MuiGrid-root"
              >
                <div
                  class="MuiGrid-root MuiGrid-item MuiGrid-grid-xs-12 MuiGrid-grid-md-12 css-e616vw-MuiGrid-root"
                >
                  <div
                    class="MuiGrid-root MuiGrid-item MuiGrid-grid-xs-12 MuiGrid-grid-md-6 css-1tp3ba8-MuiGrid-root"
                  >
                    <div
                      class="MuiFormControl-root select select-address-autocomplete css-1nrlq1o-MuiFormControl-root"
                    >
                      <label
                        aria-labelledby="taxes.salesTax.form.labelLocation"
                        aria-required="true"
                        class="MuiInputLabel-root MuiInputLabel-formControl MuiInputLabel-animated MuiInputLabel-shrink MuiInputLabel-outlined MuiFormLabel-root MuiFormLabel-colorPrimary css-1kty9di-MuiFormLabel-root-MuiInputLabel-root"
                        data-shrink="true"
                        for="addLine1"
                      >
                        <b>
                          TAXES.SALESTAX.FORM.LABELLOCATION
                          <span
                            class="super"
                          >
                            * 
                          </span>
                        </b>
                      </label>
                      <div
                        class="react-select-container css-b62m3t-container"
                      >
                        <span
                          class="css-1f43avz-a11yText-A11yText"
                          id="react-select-2-live-region"
                        />
                        <span
                          aria-atomic="false"
                          aria-live="polite"
                          aria-relevant="additions text"
                          class="css-1f43avz-a11yText-A11yText"
                        />
                        <div
                          class="react-select__control css-1s2u09g-control"
                        >
                          <div
                            class="react-select__value-container react-select__value-container--has-value css-319lph-ValueContainer"
                          >
                            <div
                              class="react-select__single-value css-qc6sy-singleValue"
                            />
                            <div
                              class="react-select__input-container css-14dclt2-Input"
                              data-value=""
                            >
                              <input
                                aria-autocomplete="list"
                                aria-controls="react-select-2-listbox"
                                aria-expanded="false"
                                aria-haspopup="true"
                                aria-owns="react-select-2-listbox"
                                autocapitalize="none"
                                autocomplete="off"
                                autocorrect="off"
                                class="react-select__input"
                                id="addLine1"
                                role="combobox"
                                spellcheck="false"
                                style="opacity: 1; width: 100%; grid-area: 1 / 2; min-width: 2px; border: 0px; margin: 0px; outline: 0; padding: 0px;"
                                tabindex="0"
                                type="text"
                                value=""
                              />
                            </div>
                          </div>
                          <div
                            class="react-select__indicators css-1hb7zxy-IndicatorsContainer"
                          />
                        </div>
                        <input
                          name="addressLine1"
                          type="hidden"
                          value=""
                        />
                      </div>
                    </div>
                  </div>
                </div>
                <div
                  class="MuiGrid-root MuiGrid-item MuiGrid-grid-xs-12 MuiGrid-grid-md-12 css-e616vw-MuiGrid-root"
                >
                  <div
                    class="MuiGrid-root MuiGrid-item MuiGrid-grid-xs-12 MuiGrid-grid-md-6 css-1tp3ba8-MuiGrid-root"
                  >
                    <div
                      class="MuiFormControl-root formInput"
                    >
                      <label
                        aria-labelledby="taxes.salesTax.form.labelCity"
                        aria-required="true"
                        class="MuiFormLabel-root MuiInputLabel-root MuiInputLabel-formControl MuiInputLabel-animated MuiInputLabel-shrink"
                        data-shrink="true"
                        for="city"
                      >
                        <b>
                          TAXES.SALESTAX.FORM.LABELCITY
                          <span
                            class="super"
                          >
                            *
                          </span>
                        </b>
                      </label>
                      <div
                        aria-required="true"
                        class="MuiInputBase-root MuiInputBase-formControl"
                        style="width: 100%;"
                      >
                        <input
                          aria-describedby=""
                          aria-invalid="false"
                          autocomplete="new-password"
                          class="MuiInputBase-input"
                          id="city"
                          name="city"
                          type="text"
                          value=""
                        />
                      </div>
                    </div>
                  </div>
                </div>
                <div
                  class="MuiGrid-root MuiGrid-item MuiGrid-grid-xs-12 MuiGrid-grid-md-12 css-e616vw-MuiGrid-root"
                >
                  <div
                    class="MuiGrid-root MuiGrid-item MuiGrid-grid-xs-12 MuiGrid-grid-md-6 css-1tp3ba8-MuiGrid-root"
                  >
                    <div
                      class="MuiFormControl-root formInput"
                    >
                      <label
                        aria-labelledby="taxes.salesTax.form.labelState"
                        aria-required="true"
                        class="MuiFormLabel-root MuiInputLabel-root MuiInputLabel-formControl MuiInputLabel-animated MuiInputLabel-shrink"
                        data-shrink="true"
                        for="state"
                      >
                        <b>
                          TAXES.SALESTAX.FORM.LABELSTATE
                          <span
                            class="super"
                          >
                            *
                          </span>
                        </b>
                      </label>
                      <div
                        aria-required="true"
                        class="MuiInputBase-root MuiInputBase-formControl"
                        style="width: 100%;"
                      >
                        <input
                          aria-describedby=""
                          aria-invalid="false"
                          autocomplete="new-password"
                          class="MuiInputBase-input"
                          id="state"
                          name="state"
                          type="text"
                          value=""
                        />
                      </div>
                    </div>
                  </div>
                </div>
                <div
                  class="MuiGrid-root MuiGrid-item MuiGrid-grid-xs-12 MuiGrid-grid-md-12 css-e616vw-MuiGrid-root"
                >
                  <div
                    class="MuiGrid-root MuiGrid-item MuiGrid-grid-xs-12 MuiGrid-grid-md-6 css-1tp3ba8-MuiGrid-root"
                  >
                    <div
                      class="MuiFormControl-root formInput"
                    >
                      <label
                        aria-labelledby="Year"
                        aria-required="true"
                        class="MuiFormLabel-root MuiInputLabel-root MuiInputLabel-formControl MuiInputLabel-animated MuiInputLabel-shrink"
                        data-shrink="true"
                        for="year"
                      >
                        <b>
                          YEAR
                          <span
                            class="super"
                          >
                            *
                          </span>
                        </b>
                      </label>
                      <div
                        aria-required="true"
                        class="MuiInputBase-root MuiInputBase-formControl"
                        style="width: 100%;"
                      >
                        <input
                          aria-invalid="false"
                          autocomplete="new-password"
                          class="MuiInputBase-input"
                          id="year"
                          name="year"
                          placeholder="Enter Year"
                          type="text"
                          value=""
                        />
                      </div>
                    </div>
                  </div>
                </div>
                <div
                  class="MuiGrid-root MuiGrid-item MuiGrid-grid-xs-12 MuiGrid-grid-md-12 css-e616vw-MuiGrid-root"
                >
                  <div
                    class="MuiGrid-root MuiGrid-item MuiGrid-grid-xs-12 MuiGrid-grid-md-6 css-1tp3ba8-MuiGrid-root"
                  >
                    <div
                      class="MuiFormControl-root select css-1nrlq1o-MuiFormControl-root"
                    >
                      <label
                        aria-labelledby="productManagement.form.productStatus"
                        aria-required="true"
                        class="MuiInputLabel-root MuiInputLabel-formControl MuiInputLabel-animated MuiInputLabel-shrink MuiInputLabel-outlined MuiFormLabel-root MuiFormLabel-colorPrimary css-1kty9di-MuiFormLabel-root-MuiInputLabel-root"
                        data-shrink="true"
                        for="status"
                      >
                        <b>
                          PRODUCTMANAGEMENT.FORM.PRODUCTSTATUS
                          <span
                            class="super"
                          >
                            * 
                          </span>
                        </b>
                      </label>
                      <div
                        class="react-select-container css-b62m3t-container"
                      >
                        <span
                          class="css-1f43avz-a11yText-A11yText"
                          id="react-select-3-live-region"
                        />
                        <span
                          aria-atomic="false"
                          aria-live="polite"
                          aria-relevant="additions text"
                          class="css-1f43avz-a11yText-A11yText"
                        />
                        <div
                          class="react-select__control css-1s2u09g-control"
                        >
                          <div
                            class="react-select__value-container css-319lph-ValueContainer"
                          >
                            <div
                              class="react-select__placeholder css-14el2xx-placeholder"
                              id="react-select-3-placeholder"
                            >
                              Choose
                            </div>
                            <input
                              aria-autocomplete="list"
                              aria-controls="react-select-3-listbox"
                              aria-describedby="react-select-3-placeholder"
                              aria-expanded="false"
                              aria-haspopup="true"
                              aria-owns="react-select-3-listbox"
                              aria-readonly="true"
                              class="css-mohuvp-dummyInput-DummyInput"
                              id="status"
                              inputmode="none"
                              role="combobox"
                              tabindex="0"
                              value=""
                            />
                          </div>
                          <div
                            class="react-select__indicators css-1hb7zxy-IndicatorsContainer"
                          >
                            <div
                              aria-hidden="true"
                              class="react-select__indicator react-select__dropdown-indicator css-tlfecz-indicatorContainer"
                            >
                              <svg
                                height="1em"
                                viewBox="0 0 20 20"
                                width="1em"
                              >
                                <path
                                  d="m1.742 5 8.628 7.844 7.821-7.812 1.413 1.418-9.17 9.159L.396 6.48Z"
                                  fill="var(--Gray)"
                                />
                                <path
                                  d="M0 0h20v20H0z"
                                  fill="none"
                                />
                              </svg>
                            </div>
                          </div>
                        </div>
                        <input
                          name="status"
                          type="hidden"
                          value=""
                        />
                      </div>
                    </div>
                  </div>
                </div>
                <div
                  class="MuiGrid-root MuiGrid-item MuiGrid-grid-xs-12 MuiGrid-grid-md-12 css-e616vw-MuiGrid-root"
                >
                  <div
                    class="MuiGrid-root MuiGrid-item MuiGrid-grid-xs-12 MuiGrid-grid-md-6 css-1tp3ba8-MuiGrid-root"
                  >
                    <div
                      class="MuiFormControl-root select css-1nrlq1o-MuiFormControl-root"
                    >
                      <label
                        aria-labelledby="PRODUCT TYPE"
                        aria-required="true"
                        class="MuiInputLabel-root MuiInputLabel-formControl MuiInputLabel-animated MuiInputLabel-shrink MuiInputLabel-outlined MuiFormLabel-root MuiFormLabel-colorPrimary css-1kty9di-MuiFormLabel-root-MuiInputLabel-root"
                        data-shrink="true"
                        for="product"
                      >
                        <b>
                          PRODUCT TYPE
                          <span
                            class="super"
                          >
                            * 
                          </span>
                        </b>
                      </label>
                      <div
                        class="multi-select-container css-b62m3t-container"
                      >
                        <span
                          class="css-1f43avz-a11yText-A11yText"
                          id="react-select-4-live-region"
                        />
                        <span
                          aria-atomic="false"
                          aria-live="polite"
                          aria-relevant="additions text"
                          class="css-1f43avz-a11yText-A11yText"
                        />
                        <div
                          class="multi-select__control css-1s2u09g-control"
                        >
                          <div
                            class="multi-select__value-container multi-select__value-container--is-multi css-319lph-ValueContainer"
                          >
                            <div
                              class="multi-select__placeholder css-14el2xx-placeholder"
                              id="react-select-4-placeholder"
                            >
                              Choose Multiple Products
                            </div>
                            <input
                              aria-autocomplete="list"
                              aria-controls="react-select-4-listbox"
                              aria-describedby="react-select-4-placeholder"
                              aria-expanded="false"
                              aria-haspopup="true"
                              aria-owns="react-select-4-listbox"
                              aria-readonly="true"
                              class="css-mohuvp-dummyInput-DummyInput"
                              id="product"
                              inputmode="none"
                              role="combobox"
                              tabindex="0"
                              value=""
                            />
                          </div>
                          <div
                            class="multi-select__indicators css-1hb7zxy-IndicatorsContainer"
                          >
                            <div
                              aria-hidden="true"
                              class="multi-select__indicator multi-select__dropdown-indicator css-tlfecz-indicatorContainer"
                            >
                              <svg
                                height="1em"
                                viewBox="0 0 20 20"
                                width="1em"
                              >
                                <path
                                  d="m1.742 5 8.628 7.844 7.821-7.812 1.413 1.418-9.17 9.159L.396 6.48Z"
                                  fill="var(--Gray)"
                                />
                                <path
                                  d="M0 0h20v20H0z"
                                  fill="none"
                                />
                              </svg>
                            </div>
                          </div>
                        </div>
                        <div>
                          <input
                            name="product"
                            type="hidden"
                          />
                        </div>
                      </div>
                    </div>
                  </div>
                </div>
                <div
                  class="MuiGrid-root MuiGrid-item MuiGrid-grid-xs-12 MuiGrid-grid-md-12 css-ndm63m-MuiGrid-root"
                >
                  <div
                    class="MuiGrid-root MuiGrid-item MuiGrid-grid-xs-12 MuiGrid-grid-md-6 css-1tp3ba8-MuiGrid-root"
                  >
                    <div
                      class="form-action-section MuiBox-root css-0"
                    >
                      <button
                        aria-label="buttons.cancel"
                        class="MuiButtonBase-root MuiButton-root MuiButton-contained btn-cancel mr-4"
                        data-test="cancel"
                        id="cancelBtn"
                        tabindex="0"
                        type="button"
                      >
                        <span
                          class="MuiButton-label"
                        >
                          buttons.cancel
                        </span>
                        <span
                          class="MuiTouchRipple-root"
                        />
                      </button>
                      <button
                        aria-label="buttons.save"
                        class="MuiButtonBase-root MuiButton-root MuiButton-contained btn-save ml-4 Mui-disabled Mui-disabled"
                        data-test="save"
                        disabled=""
                        id="saveBtn"
                        tabindex="-1"
                        type="submit"
                      >
                        <span
                          class="MuiButton-label"
                        >
                          buttons.save
                        </span>
                      </button>
                    </div>
                    <div
                      class="toaster_wrapper"
                      data-testid="toaster-message"
                    />
                  </div>
                </div>
              </div>
            </form>
          </div>
        </div>
      </div>
    </div>
  </body>,
  "container": <div>
    <div
      class="global_main_wrapper MuiBox-root css-k008qs"
    >
      <div
        class="MuiGrid-root MuiGrid-item MuiGrid-grid-xs-10 MuiGrid-grid-md-10 css-re6nwv-MuiGrid-root"
      >
        <div
          class="MuiContainer-root MuiContainer-maxWidthLg page-container css-1oqqzyl-MuiContainer-root"
        >
          <form
            data-test="component-AddVehicleRule"
            id="vehicleRuleform"
          >
            <h3
              class="MuiTypography-root MuiTypography-h3 MuiTypography-gutterBottom fw-bold css-1h1br7j-MuiTypography-root"
            >
              taxes.salesTax.form.title
               *
            </h3>
            <div
              class="MuiGrid-root MuiGrid-container MuiGrid-spacing-xs-undefined css-1sthlmf-MuiGrid-root"
            >
              <div
                class="MuiGrid-root MuiGrid-item MuiGrid-grid-xs-12 MuiGrid-grid-md-12 css-e616vw-MuiGrid-root"
              >
                <div
                  class="MuiGrid-root MuiGrid-item MuiGrid-grid-xs-12 MuiGrid-grid-md-6 css-1tp3ba8-MuiGrid-root"
                >
                  <div
                    class="MuiFormControl-root select select-address-autocomplete css-1nrlq1o-MuiFormControl-root"
                  >
                    <label
                      aria-labelledby="taxes.salesTax.form.labelLocation"
                      aria-required="true"
                      class="MuiInputLabel-root MuiInputLabel-formControl MuiInputLabel-animated MuiInputLabel-shrink MuiInputLabel-outlined MuiFormLabel-root MuiFormLabel-colorPrimary css-1kty9di-MuiFormLabel-root-MuiInputLabel-root"
                      data-shrink="true"
                      for="addLine1"
                    >
                      <b>
                        TAXES.SALESTAX.FORM.LABELLOCATION
                        <span
                          class="super"
                        >
                          * 
                        </span>
                      </b>
                    </label>
                    <div
                      class="react-select-container css-b62m3t-container"
                    >
                      <span
                        class="css-1f43avz-a11yText-A11yText"
                        id="react-select-2-live-region"
                      />
                      <span
                        aria-atomic="false"
                        aria-live="polite"
                        aria-relevant="additions text"
                        class="css-1f43avz-a11yText-A11yText"
                      />
                      <div
                        class="react-select__control css-1s2u09g-control"
                      >
                        <div
                          class="react-select__value-container react-select__value-container--has-value css-319lph-ValueContainer"
                        >
                          <div
                            class="react-select__single-value css-qc6sy-singleValue"
                          />
                          <div
                            class="react-select__input-container css-14dclt2-Input"
                            data-value=""
                          >
                            <input
                              aria-autocomplete="list"
                              aria-controls="react-select-2-listbox"
                              aria-expanded="false"
                              aria-haspopup="true"
                              aria-owns="react-select-2-listbox"
                              autocapitalize="none"
                              autocomplete="off"
                              autocorrect="off"
                              class="react-select__input"
                              id="addLine1"
                              role="combobox"
                              spellcheck="false"
                              style="opacity: 1; width: 100%; grid-area: 1 / 2; min-width: 2px; border: 0px; margin: 0px; outline: 0; padding: 0px;"
                              tabindex="0"
                              type="text"
                              value=""
                            />
                          </div>
                        </div>
                        <div
                          class="react-select__indicators css-1hb7zxy-IndicatorsContainer"
                        />
                      </div>
                      <input
                        name="addressLine1"
                        type="hidden"
                        value=""
                      />
                    </div>
                  </div>
                </div>
              </div>
              <div
                class="MuiGrid-root MuiGrid-item MuiGrid-grid-xs-12 MuiGrid-grid-md-12 css-e616vw-MuiGrid-root"
              >
                <div
                  class="MuiGrid-root MuiGrid-item MuiGrid-grid-xs-12 MuiGrid-grid-md-6 css-1tp3ba8-MuiGrid-root"
                >
                  <div
                    class="MuiFormControl-root formInput"
                  >
                    <label
                      aria-labelledby="taxes.salesTax.form.labelCity"
                      aria-required="true"
                      class="MuiFormLabel-root MuiInputLabel-root MuiInputLabel-formControl MuiInputLabel-animated MuiInputLabel-shrink"
                      data-shrink="true"
                      for="city"
                    >
                      <b>
                        TAXES.SALESTAX.FORM.LABELCITY
                        <span
                          class="super"
                        >
                          *
                        </span>
                      </b>
                    </label>
                    <div
                      aria-required="true"
                      class="MuiInputBase-root MuiInputBase-formControl"
                      style="width: 100%;"
                    >
                      <input
                        aria-describedby=""
                        aria-invalid="false"
                        autocomplete="new-password"
                        class="MuiInputBase-input"
                        id="city"
                        name="city"
                        type="text"
                        value=""
                      />
                    </div>
                  </div>
                </div>
              </div>
              <div
                class="MuiGrid-root MuiGrid-item MuiGrid-grid-xs-12 MuiGrid-grid-md-12 css-e616vw-MuiGrid-root"
              >
                <div
                  class="MuiGrid-root MuiGrid-item MuiGrid-grid-xs-12 MuiGrid-grid-md-6 css-1tp3ba8-MuiGrid-root"
                >
                  <div
                    class="MuiFormControl-root formInput"
                  >
                    <label
                      aria-labelledby="taxes.salesTax.form.labelState"
                      aria-required="true"
                      class="MuiFormLabel-root MuiInputLabel-root MuiInputLabel-formControl MuiInputLabel-animated MuiInputLabel-shrink"
                      data-shrink="true"
                      for="state"
                    >
                      <b>
                        TAXES.SALESTAX.FORM.LABELSTATE
                        <span
                          class="super"
                        >
                          *
                        </span>
                      </b>
                    </label>
                    <div
                      aria-required="true"
                      class="MuiInputBase-root MuiInputBase-formControl"
                      style="width: 100%;"
                    >
                      <input
                        aria-describedby=""
                        aria-invalid="false"
                        autocomplete="new-password"
                        class="MuiInputBase-input"
                        id="state"
                        name="state"
                        type="text"
                        value=""
                      />
                    </div>
                  </div>
                </div>
              </div>
              <div
                class="MuiGrid-root MuiGrid-item MuiGrid-grid-xs-12 MuiGrid-grid-md-12 css-e616vw-MuiGrid-root"
              >
                <div
                  class="MuiGrid-root MuiGrid-item MuiGrid-grid-xs-12 MuiGrid-grid-md-6 css-1tp3ba8-MuiGrid-root"
                >
                  <div
                    class="MuiFormControl-root formInput"
                  >
                    <label
                      aria-labelledby="Year"
                      aria-required="true"
                      class="MuiFormLabel-root MuiInputLabel-root MuiInputLabel-formControl MuiInputLabel-animated MuiInputLabel-shrink"
                      data-shrink="true"
                      for="year"
                    >
                      <b>
                        YEAR
                        <span
                          class="super"
                        >
                          *
                        </span>
                      </b>
                    </label>
                    <div
                      aria-required="true"
                      class="MuiInputBase-root MuiInputBase-formControl"
                      style="width: 100%;"
                    >
                      <input
                        aria-invalid="false"
                        autocomplete="new-password"
                        class="MuiInputBase-input"
                        id="year"
                        name="year"
                        placeholder="Enter Year"
                        type="text"
                        value=""
                      />
                    </div>
                  </div>
                </div>
              </div>
              <div
                class="MuiGrid-root MuiGrid-item MuiGrid-grid-xs-12 MuiGrid-grid-md-12 css-e616vw-MuiGrid-root"
              >
                <div
                  class="MuiGrid-root MuiGrid-item MuiGrid-grid-xs-12 MuiGrid-grid-md-6 css-1tp3ba8-MuiGrid-root"
                >
                  <div
                    class="MuiFormControl-root select css-1nrlq1o-MuiFormControl-root"
                  >
                    <label
                      aria-labelledby="productManagement.form.productStatus"
                      aria-required="true"
                      class="MuiInputLabel-root MuiInputLabel-formControl MuiInputLabel-animated MuiInputLabel-shrink MuiInputLabel-outlined MuiFormLabel-root MuiFormLabel-colorPrimary css-1kty9di-MuiFormLabel-root-MuiInputLabel-root"
                      data-shrink="true"
                      for="status"
                    >
                      <b>
                        PRODUCTMANAGEMENT.FORM.PRODUCTSTATUS
                        <span
                          class="super"
                        >
                          * 
                        </span>
                      </b>
                    </label>
                    <div
                      class="react-select-container css-b62m3t-container"
                    >
                      <span
                        class="css-1f43avz-a11yText-A11yText"
                        id="react-select-3-live-region"
                      />
                      <span
                        aria-atomic="false"
                        aria-live="polite"
                        aria-relevant="additions text"
                        class="css-1f43avz-a11yText-A11yText"
                      />
                      <div
                        class="react-select__control css-1s2u09g-control"
                      >
                        <div
                          class="react-select__value-container css-319lph-ValueContainer"
                        >
                          <div
                            class="react-select__placeholder css-14el2xx-placeholder"
                            id="react-select-3-placeholder"
                          >
                            Choose
                          </div>
                          <input
                            aria-autocomplete="list"
                            aria-controls="react-select-3-listbox"
                            aria-describedby="react-select-3-placeholder"
                            aria-expanded="false"
                            aria-haspopup="true"
                            aria-owns="react-select-3-listbox"
                            aria-readonly="true"
                            class="css-mohuvp-dummyInput-DummyInput"
                            id="status"
                            inputmode="none"
                            role="combobox"
                            tabindex="0"
                            value=""
                          />
                        </div>
                        <div
                          class="react-select__indicators css-1hb7zxy-IndicatorsContainer"
                        >
                          <div
                            aria-hidden="true"
                            class="react-select__indicator react-select__dropdown-indicator css-tlfecz-indicatorContainer"
                          >
                            <svg
                              height="1em"
                              viewBox="0 0 20 20"
                              width="1em"
                            >
                              <path
                                d="m1.742 5 8.628 7.844 7.821-7.812 1.413 1.418-9.17 9.159L.396 6.48Z"
                                fill="var(--Gray)"
                              />
                              <path
                                d="M0 0h20v20H0z"
                                fill="none"
                              />
                            </svg>
                          </div>
                        </div>
                      </div>
                      <input
                        name="status"
                        type="hidden"
                        value=""
                      />
                    </div>
                  </div>
                </div>
              </div>
              <div
                class="MuiGrid-root MuiGrid-item MuiGrid-grid-xs-12 MuiGrid-grid-md-12 css-e616vw-MuiGrid-root"
              >
                <div
                  class="MuiGrid-root MuiGrid-item MuiGrid-grid-xs-12 MuiGrid-grid-md-6 css-1tp3ba8-MuiGrid-root"
                >
                  <div
                    class="MuiFormControl-root select css-1nrlq1o-MuiFormControl-root"
                  >
                    <label
                      aria-labelledby="PRODUCT TYPE"
                      aria-required="true"
                      class="MuiInputLabel-root MuiInputLabel-formControl MuiInputLabel-animated MuiInputLabel-shrink MuiInputLabel-outlined MuiFormLabel-root MuiFormLabel-colorPrimary css-1kty9di-MuiFormLabel-root-MuiInputLabel-root"
                      data-shrink="true"
                      for="product"
                    >
                      <b>
                        PRODUCT TYPE
                        <span
                          class="super"
                        >
                          * 
                        </span>
                      </b>
                    </label>
                    <div
                      class="multi-select-container css-b62m3t-container"
                    >
                      <span
                        class="css-1f43avz-a11yText-A11yText"
                        id="react-select-4-live-region"
                      />
                      <span
                        aria-atomic="false"
                        aria-live="polite"
                        aria-relevant="additions text"
                        class="css-1f43avz-a11yText-A11yText"
                      />
                      <div
                        class="multi-select__control css-1s2u09g-control"
                      >
                        <div
                          class="multi-select__value-container multi-select__value-container--is-multi css-319lph-ValueContainer"
                        >
                          <div
                            class="multi-select__placeholder css-14el2xx-placeholder"
                            id="react-select-4-placeholder"
                          >
                            Choose Multiple Products
                          </div>
                          <input
                            aria-autocomplete="list"
                            aria-controls="react-select-4-listbox"
                            aria-describedby="react-select-4-placeholder"
                            aria-expanded="false"
                            aria-haspopup="true"
                            aria-owns="react-select-4-listbox"
                            aria-readonly="true"
                            class="css-mohuvp-dummyInput-DummyInput"
                            id="product"
                            inputmode="none"
                            role="combobox"
                            tabindex="0"
                            value=""
                          />
                        </div>
                        <div
                          class="multi-select__indicators css-1hb7zxy-IndicatorsContainer"
                        >
                          <div
                            aria-hidden="true"
                            class="multi-select__indicator multi-select__dropdown-indicator css-tlfecz-indicatorContainer"
                          >
                            <svg
                              height="1em"
                              viewBox="0 0 20 20"
                              width="1em"
                            >
                              <path
                                d="m1.742 5 8.628 7.844 7.821-7.812 1.413 1.418-9.17 9.159L.396 6.48Z"
                                fill="var(--Gray)"
                              />
                              <path
                                d="M0 0h20v20H0z"
                                fill="none"
                              />
                            </svg>
                          </div>
                        </div>
                      </div>
                      <div>
                        <input
                          name="product"
                          type="hidden"
                        />
                      </div>
                    </div>
                  </div>
                </div>
              </div>
              <div
                class="MuiGrid-root MuiGrid-item MuiGrid-grid-xs-12 MuiGrid-grid-md-12 css-ndm63m-MuiGrid-root"
              >
                <div
                  class="MuiGrid-root MuiGrid-item MuiGrid-grid-xs-12 MuiGrid-grid-md-6 css-1tp3ba8-MuiGrid-root"
                >
                  <div
                    class="form-action-section MuiBox-root css-0"
                  >
                    <button
                      aria-label="buttons.cancel"
                      class="MuiButtonBase-root MuiButton-root MuiButton-contained btn-cancel mr-4"
                      data-test="cancel"
                      id="cancelBtn"
                      tabindex="0"
                      type="button"
                    >
                      <span
                        class="MuiButton-label"
                      >
                        buttons.cancel
                      </span>
                      <span
                        class="MuiTouchRipple-root"
                      />
                    </button>
                    <button
                      aria-label="buttons.save"
                      class="MuiButtonBase-root MuiButton-root MuiButton-contained btn-save ml-4 Mui-disabled Mui-disabled"
                      data-test="save"
                      disabled=""
                      id="saveBtn"
                      tabindex="-1"
                      type="submit"
                    >
                      <span
                        class="MuiButton-label"
                      >
                        buttons.save
                      </span>
                    </button>
                  </div>
                  <div
                    class="toaster_wrapper"
                    data-testid="toaster-message"
                  />
                </div>
              </div>
            </div>
          </form>
        </div>
      </div>
    </div>
  </div>,
  "debug": [Function],
  "findAllByAltText": [Function],
  "findAllByDisplayValue": [Function],
  "findAllByLabelText": [Function],
  "findAllByPlaceholderText": [Function],
  "findAllByRole": [Function],
  "findAllByTestId": [Function],
  "findAllByText": [Function],
  "findAllByTitle": [Function],
  "findByAltText": [Function],
  "findByDisplayValue": [Function],
  "findByLabelText": [Function],
  "findByPlaceholderText": [Function],
  "findByRole": [Function],
  "findByTestId": [Function],
  "findByText": [Function],
  "findByTitle": [Function],
  "getAllByAltText": [Function],
  "getAllByDisplayValue": [Function],
  "getAllByLabelText": [Function],
  "getAllByPlaceholderText": [Function],
  "getAllByRole": [Function],
  "getAllByTestId": [Function],
  "getAllByText": [Function],
  "getAllByTitle": [Function],
  "getByAltText": [Function],
  "getByDisplayValue": [Function],
  "getByLabelText": [Function],
  "getByPlaceholderText": [Function],
  "getByRole": [Function],
  "getByTestId": [Function],
  "getByText": [Function],
  "getByTitle": [Function],
  "queryAllByAltText": [Function],
  "queryAllByDisplayValue": [Function],
  "queryAllByLabelText": [Function],
  "queryAllByPlaceholderText": [Function],
  "queryAllByRole": [Function],
  "queryAllByTestId": [Function],
  "queryAllByText": [Function],
  "queryAllByTitle": [Function],
  "queryByAltText": [Function],
  "queryByDisplayValue": [Function],
  "queryByLabelText": [Function],
  "queryByPlaceholderText": [Function],
  "queryByRole": [Function],
  "queryByTestId": [Function],
  "queryByText": [Function],
  "queryByTitle": [Function],
  "rerender": [Function],
  "unmount": [Function],
}
`;
